2026-06-23T08:08:43.421-0300 [DEBUG] [org.gradle.launcher.daemon.bootstrap.DaemonMain] Assuming the daemon was started with following jvm opts: [-Xmx2048m, -Dfile.encoding=UTF-8, -Duser.country=AR, -Duser.language=es, -Duser.variant]
2026-06-23T08:08:43.537-0300 [DEBUG] [org.gradle.internal.remote.internal.inet.InetAddresses] Adding IP addresses for network interface Famatech Radmin VPN Ethernet Adapter-WFP Native MAC Layer LightWeight Filter-0000
2026-06-23T08:08:43.538-0300 [DEBUG] [org.gradle.internal.remote.internal.inet.InetAddresses] Is this a loopback interface? false
2026-06-23T08:08:43.539-0300 [DEBUG] [org.gradle.internal.remote.internal.inet.InetAddresses] Adding IP addresses for network interface Famatech Radmin VPN Ethernet Adapter-QoS Packet Scheduler-0000
2026-06-23T08:08:43.539-0300 [DEBUG] [org.gradle.internal.remote.internal.inet.InetAddresses] Is this a loopback interface? false
2026-06-23T08:08:43.539-0300 [DEBUG] [org.gradle.internal.remote.internal.inet.InetAddresses] Adding IP addresses for network interface Famatech Radmin VPN Ethernet Adapter-WFP 802.3 MAC Layer LightWeight Filter-0000
2026-06-23T08:08:43.540-0300 [DEBUG] [org.gradle.internal.remote.internal.inet.InetAddresses] Is this a loopback interface? false
2026-06-23T08:08:43.540-0300 [DEBUG] [org.gradle.internal.remote.internal.inet.InetAddresses] Adding IP addresses for network interface Intel(R) Ethernet Controller (3) I225-V #2-WFP Native MAC Layer LightWeight Filter-0000
2026-06-23T08:08:43.540-0300 [DEBUG] [org.gradle.internal.remote.internal.inet.InetAddresses] Is this a loopback interface? false
2026-06-23T08:08:43.540-0300 [DEBUG] [org.gradle.internal.remote.internal.inet.InetAddresses] Adding IP addresses for network interface Intel(R) Ethernet Controller (3) I225-V #2-QoS Packet Scheduler-0000
2026-06-23T08:08:43.541-0300 [DEBUG] [org.gradle.internal.remote.internal.inet.InetAddresses] Is this a loopback interface? false
2026-06-23T08:08:43.541-0300 [DEBUG] [org.gradle.internal.remote.internal.inet.InetAddresses] Adding IP addresses for network interface Intel(R) Ethernet Controller (3) I225-V-WFP Native MAC Layer LightWeight Filter-0000
2026-06-23T08:08:43.541-0300 [DEBUG] [org.gradle.internal.remote.internal.inet.InetAddresses] Is this a loopback interface? false
2026-06-23T08:08:43.541-0300 [DEBUG] [org.gradle.internal.remote.internal.inet.InetAddresses] Adding IP addresses for network interface Intel(R) Ethernet Controller (3) I225-V-QoS Packet Scheduler-0000
2026-06-23T08:08:43.542-0300 [DEBUG] [org.gradle.internal.remote.internal.inet.InetAddresses] Is this a loopback interface? false
2026-06-23T08:08:43.542-0300 [DEBUG] [org.gradle.internal.remote.internal.inet.InetAddresses] Adding IP addresses for network interface Intel(R) Ethernet Controller (3) I225-V #2-WFP 802.3 MAC Layer LightWeight Filter-0000
2026-06-23T08:08:43.542-0300 [DEBUG] [org.gradle.internal.remote.internal.inet.InetAddresses] Is this a loopback interface? false
2026-06-23T08:08:43.542-0300 [DEBUG] [org.gradle.internal.remote.internal.inet.InetAddresses] Adding IP addresses for network interface Intel(R) Ethernet Controller (3) I225-V-WFP 802.3 MAC Layer LightWeight Filter-0000
2026-06-23T08:08:43.543-0300 [DEBUG] [org.gradle.internal.remote.internal.inet.InetAddresses] Is this a loopback interface? false
2026-06-23T08:08:43.543-0300 [DEBUG] [org.gradle.internal.remote.internal.inet.InetAddresses] Adding IP addresses for network interface WAN Miniport (IP)-WFP Native MAC Layer LightWeight Filter-0000
2026-06-23T08:08:43.543-0300 [DEBUG] [org.gradle.internal.remote.internal.inet.InetAddresses] Is this a loopback interface? false
2026-06-23T08:08:43.543-0300 [DEBUG] [org.gradle.internal.remote.internal.inet.InetAddresses] Adding IP addresses for network interface WAN Miniport (IP)-QoS Packet Scheduler-0000
2026-06-23T08:08:43.543-0300 [DEBUG] [org.gradle.internal.remote.internal.inet.InetAddresses] Is this a loopback interface? false
2026-06-23T08:08:43.544-0300 [DEBUG] [org.gradle.internal.remote.internal.inet.InetAddresses] Adding IP addresses for network interface WAN Miniport (IPv6)-WFP Native MAC Layer LightWeight Filter-0000
2026-06-23T08:08:43.544-0300 [DEBUG] [org.gradle.internal.remote.internal.inet.InetAddresses] Is this a loopback interface? false
2026-06-23T08:08:43.544-0300 [DEBUG] [org.gradle.internal.remote.internal.inet.InetAddresses] Adding IP addresses for network interface WAN Miniport (IPv6)-QoS Packet Scheduler-0000
2026-06-23T08:08:43.544-0300 [DEBUG] [org.gradle.internal.remote.internal.inet.InetAddresses] Is this a loopback interface? false
2026-06-23T08:08:43.545-0300 [DEBUG] [org.gradle.internal.remote.internal.inet.InetAddresses] Adding IP addresses for network interface WAN Miniport (Network Monitor)-WFP Native MAC Layer LightWeight Filter-0000
2026-06-23T08:08:43.545-0300 [DEBUG] [org.gradle.internal.remote.internal.inet.InetAddresses] Is this a loopback interface? false
2026-06-23T08:08:43.545-0300 [DEBUG] [org.gradle.internal.remote.internal.inet.InetAddresses] Adding IP addresses for network interface WAN Miniport (Network Monitor)-QoS Packet Scheduler-0000
2026-06-23T08:08:43.545-0300 [DEBUG] [org.gradle.internal.remote.internal.inet.InetAddresses] Is this a loopback interface? false
2026-06-23T08:08:43.545-0300 [DEBUG] [org.gradle.internal.remote.internal.inet.InetAddresses] Adding IP addresses for network interface Intel(R) Ethernet Controller (3) I225-V
2026-06-23T08:08:43.546-0300 [DEBUG] [org.gradle.internal.remote.internal.inet.InetAddresses] Is this a loopback interface? false
2026-06-23T08:08:43.546-0300 [DEBUG] [org.gradle.internal.remote.internal.inet.InetAddresses] Adding remote address /fe80:0:0:0:19bd:b486:a1f8:cf5d%ethernet_32768
2026-06-23T08:08:43.546-0300 [DEBUG] [org.gradle.internal.remote.internal.inet.InetAddresses] Adding remote address /192.168.0.146
2026-06-23T08:08:43.546-0300 [DEBUG] [org.gradle.internal.remote.internal.inet.InetAddresses] Adding IP addresses for network interface Intel(R) Ethernet Controller (3) I225-V #2
2026-06-23T08:08:43.547-0300 [DEBUG] [org.gradle.internal.remote.internal.inet.InetAddresses] Is this a loopback interface? false
2026-06-23T08:08:43.547-0300 [DEBUG] [org.gradle.internal.remote.internal.inet.InetAddresses] Adding remote address /fe80:0:0:0:205c:7889:86bc:3049%ethernet_32769
2026-06-23T08:08:43.547-0300 [DEBUG] [org.gradle.internal.remote.internal.inet.InetAddresses] Adding IP addresses for network interface Microsoft Kernel Debug Network Adapter
2026-06-23T08:08:43.547-0300 [DEBUG] [org.gradle.internal.remote.internal.inet.InetAddresses] Is this a loopback interface? false
2026-06-23T08:08:43.547-0300 [DEBUG] [org.gradle.internal.remote.internal.inet.InetAddresses] Adding IP addresses for network interface WAN Miniport (IP)
2026-06-23T08:08:43.547-0300 [DEBUG] [org.gradle.internal.remote.internal.inet.InetAddresses] Is this a loopback interface? false
2026-06-23T08:08:43.548-0300 [DEBUG] [org.gradle.internal.remote.internal.inet.InetAddresses] Adding IP addresses for network interface WAN Miniport (IPv6)
2026-06-23T08:08:43.548-0300 [DEBUG] [org.gradle.internal.remote.internal.inet.InetAddresses] Is this a loopback interface? false
2026-06-23T08:08:43.548-0300 [DEBUG] [org.gradle.internal.remote.internal.inet.InetAddresses] Adding IP addresses for network interface WAN Miniport (Network Monitor)
2026-06-23T08:08:43.548-0300 [DEBUG] [org.gradle.internal.remote.internal.inet.InetAddresses] Is this a loopback interface? false
2026-06-23T08:08:43.548-0300 [DEBUG] [org.gradle.internal.remote.internal.inet.InetAddresses] Adding IP addresses for network interface Famatech Radmin VPN Ethernet Adapter
2026-06-23T08:08:43.548-0300 [DEBUG] [org.gradle.internal.remote.internal.inet.InetAddresses] Is this a loopback interface? false
2026-06-23T08:08:43.549-0300 [DEBUG] [org.gradle.internal.remote.internal.inet.InetAddresses] Adding remote address /fe80:0:0:0:98b9:ccac:3675:fe0f%ethernet_32775
2026-06-23T08:08:43.549-0300 [DEBUG] [org.gradle.internal.remote.internal.inet.InetAddresses] Adding remote address /fdfd:0:0:0:0:0:1af6:9c54
2026-06-23T08:08:43.549-0300 [DEBUG] [org.gradle.internal.remote.internal.inet.InetAddresses] Adding remote address /26.246.156.84
2026-06-23T08:08:43.550-0300 [DEBUG] [org.gradle.internal.remote.internal.inet.InetAddresses] Adding IP addresses for network interface WAN Miniport (PPPOE)
2026-06-23T08:08:43.550-0300 [DEBUG] [org.gradle.internal.remote.internal.inet.InetAddresses] Is this a loopback interface? false
2026-06-23T08:08:43.550-0300 [DEBUG] [org.gradle.internal.remote.internal.inet.InetAddresses] Adding IP addresses for network interface Software Loopback Interface 1
2026-06-23T08:08:43.550-0300 [DEBUG] [org.gradle.internal.remote.internal.inet.InetAddresses] Is this a loopback interface? true
2026-06-23T08:08:43.551-0300 [DEBUG] [org.gradle.internal.remote.internal.inet.InetAddresses] Adding loopback address /0:0:0:0:0:0:0:1
2026-06-23T08:08:43.551-0300 [DEBUG] [org.gradle.internal.remote.internal.inet.InetAddresses] Adding loopback address /127.0.0.1
2026-06-23T08:08:43.551-0300 [DEBUG] [org.gradle.internal.remote.internal.inet.InetAddresses] Adding IP addresses for network interface Intel(R) Wi-Fi 6E AX210 160MHz-WFP Native MAC Layer LightWeight Filter-0000
2026-06-23T08:08:43.551-0300 [DEBUG] [org.gradle.internal.remote.internal.inet.InetAddresses] Is this a loopback interface? false
2026-06-23T08:08:43.551-0300 [DEBUG] [org.gradle.internal.remote.internal.inet.InetAddresses] Adding IP addresses for network interface Intel(R) Wi-Fi 6E AX210 160MHz-Virtual WiFi Filter Driver-0000
2026-06-23T08:08:43.551-0300 [DEBUG] [org.gradle.internal.remote.internal.inet.InetAddresses] Is this a loopback interface? false
2026-06-23T08:08:43.552-0300 [DEBUG] [org.gradle.internal.remote.internal.inet.InetAddresses] Adding IP addresses for network interface Intel(R) Wi-Fi 6E AX210 160MHz-Native WiFi Filter Driver-0000
2026-06-23T08:08:43.552-0300 [DEBUG] [org.gradle.internal.remote.internal.inet.InetAddresses] Is this a loopback interface? false
2026-06-23T08:08:43.552-0300 [DEBUG] [org.gradle.internal.remote.internal.inet.InetAddresses] Adding IP addresses for network interface Intel(R) Wi-Fi 6E AX210 160MHz-QoS Packet Scheduler-0000
2026-06-23T08:08:43.552-0300 [DEBUG] [org.gradle.internal.remote.internal.inet.InetAddresses] Is this a loopback interface? false
2026-06-23T08:08:43.553-0300 [DEBUG] [org.gradle.internal.remote.internal.inet.InetAddresses] Adding IP addresses for network interface Intel(R) Wi-Fi 6E AX210 160MHz-WFP 802.3 MAC Layer LightWeight Filter-0000
2026-06-23T08:08:43.553-0300 [DEBUG] [org.gradle.internal.remote.internal.inet.InetAddresses] Is this a loopback interface? false
2026-06-23T08:08:43.553-0300 [DEBUG] [org.gradle.internal.remote.internal.inet.InetAddresses] Adding IP addresses for network interface Microsoft Wi-Fi Direct Virtual Adapter-WFP Native MAC Layer LightWeight Filter-0000
2026-06-23T08:08:43.553-0300 [DEBUG] [org.gradle.internal.remote.internal.inet.InetAddresses] Is this a loopback interface? false
2026-06-23T08:08:43.553-0300 [DEBUG] [org.gradle.internal.remote.internal.inet.InetAddresses] Adding IP addresses for network interface Microsoft Wi-Fi Direct Virtual Adapter-Native WiFi Filter Driver-0000
2026-06-23T08:08:43.554-0300 [DEBUG] [org.gradle.internal.remote.internal.inet.InetAddresses] Is this a loopback interface? false
2026-06-23T08:08:43.554-0300 [DEBUG] [org.gradle.internal.remote.internal.inet.InetAddresses] Adding IP addresses for network interface Microsoft Wi-Fi Direct Virtual Adapter-QoS Packet Scheduler-0000
2026-06-23T08:08:43.554-0300 [DEBUG] [org.gradle.internal.remote.internal.inet.InetAddresses] Is this a loopback interface? false
2026-06-23T08:08:43.554-0300 [DEBUG] [org.gradle.internal.remote.internal.inet.InetAddresses] Adding IP addresses for network interface Microsoft Wi-Fi Direct Virtual Adapter-WFP 802.3 MAC Layer LightWeight Filter-0000
2026-06-23T08:08:43.554-0300 [DEBUG] [org.gradle.internal.remote.internal.inet.InetAddresses] Is this a loopback interface? false
2026-06-23T08:08:43.554-0300 [DEBUG] [org.gradle.internal.remote.internal.inet.InetAddresses] Adding IP addresses for network interface Microsoft Wi-Fi Direct Virtual Adapter #2-WFP Native MAC Layer LightWeight Filter-0000
2026-06-23T08:08:43.554-0300 [DEBUG] [org.gradle.internal.remote.internal.inet.InetAddresses] Is this a loopback interface? false
2026-06-23T08:08:43.555-0300 [DEBUG] [org.gradle.internal.remote.internal.inet.InetAddresses] Adding IP addresses for network interface Microsoft Wi-Fi Direct Virtual Adapter #2-Native WiFi Filter Driver-0000
2026-06-23T08:08:43.555-0300 [DEBUG] [org.gradle.internal.remote.internal.inet.InetAddresses] Is this a loopback interface? false
2026-06-23T08:08:43.555-0300 [DEBUG] [org.gradle.internal.remote.internal.inet.InetAddresses] Adding IP addresses for network interface Microsoft Wi-Fi Direct Virtual Adapter #2-QoS Packet Scheduler-0000
2026-06-23T08:08:43.555-0300 [DEBUG] [org.gradle.internal.remote.internal.inet.InetAddresses] Is this a loopback interface? false
2026-06-23T08:08:43.555-0300 [DEBUG] [org.gradle.internal.remote.internal.inet.InetAddresses] Adding IP addresses for network interface Microsoft Wi-Fi Direct Virtual Adapter #2-WFP 802.3 MAC Layer LightWeight Filter-0000
2026-06-23T08:08:43.555-0300 [DEBUG] [org.gradle.internal.remote.internal.inet.InetAddresses] Is this a loopback interface? false
2026-06-23T08:08:43.555-0300 [DEBUG] [org.gradle.internal.remote.internal.inet.InetAddresses] Adding IP addresses for network interface Intel(R) Wi-Fi 6E AX210 160MHz
2026-06-23T08:08:43.556-0300 [DEBUG] [org.gradle.internal.remote.internal.inet.InetAddresses] Is this a loopback interface? false
2026-06-23T08:08:43.556-0300 [DEBUG] [org.gradle.internal.remote.internal.inet.InetAddresses] Adding remote address /fe80:0:0:0:5efd:f50:3f74:421e%wireless_32768
2026-06-23T08:08:43.556-0300 [DEBUG] [org.gradle.internal.remote.internal.inet.InetAddresses] Adding IP addresses for network interface Microsoft Wi-Fi Direct Virtual Adapter
2026-06-23T08:08:43.556-0300 [DEBUG] [org.gradle.internal.remote.internal.inet.InetAddresses] Is this a loopback interface? false
2026-06-23T08:08:43.556-0300 [DEBUG] [org.gradle.internal.remote.internal.inet.InetAddresses] Adding remote address /fe80:0:0:0:b22d:bbef:25d8:68b5%wireless_32769
2026-06-23T08:08:43.556-0300 [DEBUG] [org.gradle.internal.remote.internal.inet.InetAddresses] Adding IP addresses for network interface Microsoft Wi-Fi Direct Virtual Adapter #2
2026-06-23T08:08:43.556-0300 [DEBUG] [org.gradle.internal.remote.internal.inet.InetAddresses] Is this a loopback interface? false
2026-06-23T08:08:43.556-0300 [DEBUG] [org.gradle.internal.remote.internal.inet.InetAddresses] Adding remote address /fe80:0:0:0:c1da:adfc:d2c5:1fd9%wireless_32770
2026-06-23T08:08:43.556-0300 [DEBUG] [org.gradle.internal.remote.internal.inet.InetAddresses] Adding IP addresses for network interface Microsoft Teredo Tunneling Adapter
2026-06-23T08:08:43.557-0300 [DEBUG] [org.gradle.internal.remote.internal.inet.InetAddresses] Is this a loopback interface? false
2026-06-23T08:08:43.557-0300 [DEBUG] [org.gradle.internal.remote.internal.inet.InetAddresses] Adding remote address /fe80:0:0:0:14fa:bea1:7096:9e7c%tunnel_32512
2026-06-23T08:08:43.557-0300 [DEBUG] [org.gradle.internal.remote.internal.inet.InetAddresses] Adding remote address /2001:0:14c9:cd04:14fa:bea1:7096:9e7c
2026-06-23T08:08:43.557-0300 [DEBUG] [org.gradle.internal.remote.internal.inet.InetAddresses] Adding IP addresses for network interface Microsoft IP-HTTPS Platform Adapter
2026-06-23T08:08:43.557-0300 [DEBUG] [org.gradle.internal.remote.internal.inet.InetAddresses] Is this a loopback interface? false
2026-06-23T08:08:43.557-0300 [DEBUG] [org.gradle.internal.remote.internal.inet.InetAddresses] Adding IP addresses for network interface Microsoft 6to4 Adapter
2026-06-23T08:08:43.557-0300 [DEBUG] [org.gradle.internal.remote.internal.inet.InetAddresses] Is this a loopback interface? false
2026-06-23T08:08:43.558-0300 [DEBUG] [org.gradle.internal.remote.internal.inet.InetAddresses] Adding IP addresses for network interface WAN Miniport (SSTP)
2026-06-23T08:08:43.558-0300 [DEBUG] [org.gradle.internal.remote.internal.inet.InetAddresses] Is this a loopback interface? false
2026-06-23T08:08:43.558-0300 [DEBUG] [org.gradle.internal.remote.internal.inet.InetAddresses] Adding IP addresses for network interface WAN Miniport (IKEv2)
2026-06-23T08:08:43.558-0300 [DEBUG] [org.gradle.internal.remote.internal.inet.InetAddresses] Is this a loopback interface? false
2026-06-23T08:08:43.558-0300 [DEBUG] [org.gradle.internal.remote.internal.inet.InetAddresses] Adding IP addresses for network interface WAN Miniport (L2TP)
2026-06-23T08:08:43.558-0300 [DEBUG] [org.gradle.internal.remote.internal.inet.InetAddresses] Is this a loopback interface? false
2026-06-23T08:08:43.558-0300 [DEBUG] [org.gradle.internal.remote.internal.inet.InetAddresses] Adding IP addresses for network interface WAN Miniport (PPTP)
2026-06-23T08:08:43.559-0300 [DEBUG] [org.gradle.internal.remote.internal.inet.InetAddresses] Is this a loopback interface? false
2026-06-23T08:08:43.591-0300 [INFO] [org.gradle.launcher.daemon.server.Daemon] start() called on daemon - DefaultDaemonContext[uid=ab9b7cbd-566a-402b-aa2f-3b833968200a,javaHome=D:\Android Studio\jbr,javaVersion=21,javaVendor=JetBrains s.r.o.,daemonRegistryDir=C:\Users\Pc\Desktop\AndroidStudioProjects\OpusAgenda\.gradle-local\daemon,pid=27632,idleTimeout=120000,priority=NORMAL,applyInstrumentationAgent=true,nativeServicesMode=ENABLED,daemonOpts=-Xmx2048m,-Dfile.encoding=UTF-8,-Duser.country=AR,-Duser.language=es,-Duser.variant]
2026-06-23T08:08:43.622-0300 [DEBUG] [org.gradle.internal.remote.internal.inet.TcpIncomingConnector] Listening on [80b903c8-4c53-4f60-9108-ea75efa1c39b port:56972, addresses:[localhost/127.0.0.1]].
2026-06-23T08:08:43.636-0300 [DEBUG] [org.gradle.launcher.daemon.server.Daemon] Daemon starting at: Tue Jun 23 08:08:43 ART 2026, with address: [80b903c8-4c53-4f60-9108-ea75efa1c39b port:56972, addresses:[localhost/127.0.0.1]]
2026-06-23T08:08:43.636-0300 [INFO] [org.gradle.launcher.daemon.server.DaemonRegistryUpdater] Advertising the daemon address to the clients: [80b903c8-4c53-4f60-9108-ea75efa1c39b port:56972, addresses:[localhost/127.0.0.1]]
2026-06-23T08:08:43.636-0300 [DEBUG] [org.gradle.launcher.daemon.server.DaemonRegistryUpdater] Advertised daemon context: DefaultDaemonContext[uid=ab9b7cbd-566a-402b-aa2f-3b833968200a,javaHome=D:\Android Studio\jbr,javaVersion=21,javaVendor=JetBrains s.r.o.,daemonRegistryDir=C:\Users\Pc\Desktop\AndroidStudioProjects\OpusAgenda\.gradle-local\daemon,pid=27632,idleTimeout=120000,priority=NORMAL,applyInstrumentationAgent=true,nativeServicesMode=ENABLED,daemonOpts=-Xmx2048m,-Dfile.encoding=UTF-8,-Duser.country=AR,-Duser.language=es,-Duser.variant]
2026-06-23T08:08:43.637-0300 [DEBUG] [org.gradle.launcher.daemon.registry.PersistentDaemonRegistry] Storing daemon address: [80b903c8-4c53-4f60-9108-ea75efa1c39b port:56972, addresses:[localhost/127.0.0.1]], context: DefaultDaemonContext[uid=ab9b7cbd-566a-402b-aa2f-3b833968200a,javaHome=D:\Android Studio\jbr,javaVersion=21,javaVendor=JetBrains s.r.o.,daemonRegistryDir=C:\Users\Pc\Desktop\AndroidStudioProjects\OpusAgenda\.gradle-local\daemon,pid=27632,idleTimeout=120000,priority=NORMAL,applyInstrumentationAgent=true,nativeServicesMode=ENABLED,daemonOpts=-Xmx2048m,-Dfile.encoding=UTF-8,-Duser.country=AR,-Duser.language=es,-Duser.variant]
2026-06-23T08:08:43.644-0300 [DEBUG] [org.gradle.cache.internal.DefaultFileLockManager] Waiting to acquire exclusive lock on daemon addresses registry.
2026-06-23T08:08:43.647-0300 [DEBUG] [org.gradle.cache.internal.DefaultFileLockManager] Lock acquired on daemon addresses registry.
2026-06-23T08:08:43.651-0300 [DEBUG] [org.gradle.cache.internal.DefaultFileLockManager] Releasing lock on daemon addresses registry.
2026-06-23T08:08:43.652-0300 [LIFECYCLE] [org.gradle.launcher.daemon.server.Daemon] Daemon server started.
2026-06-23T08:08:43.653-0300 [DEBUG] [org.gradle.launcher.daemon.bootstrap.DaemonStartupCommunication] Completed writing the daemon greeting. Closing streams...
2026-06-23T08:08:43.660-0300 [DEBUG] [org.gradle.launcher.daemon.server.Daemon] stopOnExpiration() called on daemon
2026-06-23T08:08:43.661-0300 [DEBUG] [org.gradle.launcher.daemon.server.Daemon] awaitExpiration() called on daemon
2026-06-23T08:08:43.662-0300 [DEBUG] [org.gradle.launcher.daemon.server.DaemonStateCoordinator] daemon is running. Sleeping until state changes.
2026-06-23T08:08:43.674-0300 [DEBUG] [org.gradle.internal.remote.internal.inet.TcpIncomingConnector] Accepted connection from /127.0.0.1:56973 to /127.0.0.1:56972.
2026-06-23T08:08:43.727-0300 [DEBUG] [org.gradle.launcher.daemon.server.SynchronizedDispatchConnection] thread 47: received class org.gradle.launcher.daemon.protocol.Build
2026-06-23T08:08:43.727-0300 [DEBUG] [org.gradle.launcher.daemon.server.DefaultDaemonConnection] thread 47: Received non-IO message from client: Build{id=ef77a785-8433-46ff-a081-d7344cdc0e58, currentDir=C:\Users\Pc\Desktop\AndroidStudioProjects\OpusAgenda}
2026-06-23T08:08:43.727-0300 [INFO] [org.gradle.launcher.daemon.server.DefaultIncomingConnectionHandler] Received command: Build{id=ef77a785-8433-46ff-a081-d7344cdc0e58, currentDir=C:\Users\Pc\Desktop\AndroidStudioProjects\OpusAgenda}.
2026-06-23T08:08:43.727-0300 [DEBUG] [org.gradle.launcher.daemon.server.DefaultIncomingConnectionHandler] Starting executing command: Build{id=ef77a785-8433-46ff-a081-d7344cdc0e58, currentDir=C:\Users\Pc\Desktop\AndroidStudioProjects\OpusAgenda} with connection: socket connection from /127.0.0.1:56972 to /127.0.0.1:56973.
2026-06-23T08:08:43.730-0300 [DEBUG] [org.gradle.launcher.daemon.server.DaemonStateCoordinator] Command execution: started DaemonCommandExecution[command = Build{id=ef77a785-8433-46ff-a081-d7344cdc0e58, currentDir=C:\Users\Pc\Desktop\AndroidStudioProjects\OpusAgenda}, connection = DefaultDaemonConnection: socket connection from /127.0.0.1:56972 to /127.0.0.1:56973] after 0.0018333333333333333 minutes of idle
2026-06-23T08:08:43.730-0300 [INFO] [org.gradle.launcher.daemon.server.DaemonRegistryUpdater] Marking the daemon as busy, address: [80b903c8-4c53-4f60-9108-ea75efa1c39b port:56972, addresses:[localhost/127.0.0.1]]
2026-06-23T08:08:43.730-0300 [DEBUG] [org.gradle.launcher.daemon.registry.PersistentDaemonRegistry] Marking busy by address: [80b903c8-4c53-4f60-9108-ea75efa1c39b port:56972, addresses:[localhost/127.0.0.1]]
2026-06-23T08:08:43.732-0300 [DEBUG] [org.gradle.cache.internal.DefaultFileLockManager] Waiting to acquire exclusive lock on daemon addresses registry.
2026-06-23T08:08:43.732-0300 [DEBUG] [org.gradle.cache.internal.DefaultFileLockManager] Lock acquired on daemon addresses registry.
2026-06-23T08:08:43.733-0300 [DEBUG] [org.gradle.cache.internal.DefaultFileLockManager] Releasing lock on daemon addresses registry.
2026-06-23T08:08:43.734-0300 [DEBUG] [org.gradle.launcher.daemon.server.DaemonStateCoordinator] resetting idle timer
2026-06-23T08:08:43.734-0300 [DEBUG] [org.gradle.launcher.daemon.server.DaemonStateCoordinator] daemon is running. Sleeping until state changes.
2026-06-23T08:08:43.735-0300 [INFO] [org.gradle.launcher.daemon.server.exec.StartBuildOrRespondWithBusy] Daemon is about to start building Build{id=ef77a785-8433-46ff-a081-d7344cdc0e58, currentDir=C:\Users\Pc\Desktop\AndroidStudioProjects\OpusAgenda}. Dispatching build started information...
2026-06-23T08:08:43.735-0300 [DEBUG] [org.gradle.launcher.daemon.server.SynchronizedDispatchConnection] thread 52: dispatching org.gradle.launcher.daemon.protocol.BuildStarted@19cf86de
2026-06-23T08:08:43.736-0300 [DEBUG] [org.gradle.launcher.daemon.server.exec.EstablishBuildEnvironment] Configuring env variables: [PATH, NO_PROXY, EFC_9192_2283032206, SSLKEYLOGFILE, npm_lifecycle_script, SESSIONNAME, ALLUSERSPROFILE, NPM_PREFIX_JS, SystemDrive, VULKAN_SDK, INIT_CWD, OLLAMA_NEW_ENGINE, DIRNAME, USERNAME, ProgramFiles(x86), ACSetupSvcPort, GIT_HTTP_PROXY, FPS_BROWSER_USER_PROFILE_STRING, DEFAULT_JVM_OPTS, PATHEXT, DriverData, NODE, PAGER, npm_node_execpath, ALL_PROXY, NPX_CLI_JS, HOMEPATH, PROCESSOR_IDENTIFIER, VK_SDK_PATH, ProgramFiles, PUBLIC, windir, npm_config_node_gyp, FPS_BROWSER_APP_PROFILE_STRING, JAVA_HOME, npm_command, PROMPT, NPM_CONFIG_OFFLINE, SBX_NONET_ACTIVE, HTTP_PROXY, RlsSvcPort, OLLAMA_FLASH_ATTENTION, OneDrive, =C:, APPDATA, GRADLE_USER_HOME, HTTPS_PROXY, JAVA_EXE, CODEX_THREAD_ID, GIT_HTTPS_PROXY, NPM_CONFIG_CACHE, COMPUTERNAME, npm_config_user_agent, ComSpec, APP_BASE_NAME, npm_config_global_prefix, OLLAMA_NUM_PARALLEL, HOMEDRIVE, NUMBER_OF_PROCESSORS, PIP_NO_INDEX, CARGO_NET_OFFLINE, NPM_PREFIX_NPX_CLI_JS, EFC_9192_2775293581, USERDOMAIN_ROAMINGPROFILE, npm_config_npm_version, PROCESSOR_LEVEL, GIT_PAGER, npm_config_yes, PROCESSOR_ARCHITECTURE, PSModulePath, COLOR, npm_lifecycle_event, OLLAMA_CONTEXT_LENGTH, NODE_EXE, CODEX_MANAGED_BY_NPM, APP_HOME, CODEX_SANDBOX_NETWORK_DISABLED, npm_config_noproxy, NPM_CONFIG_MIN_RELEASE_AGE, PIP_DISABLE_PIP_VERSION_CHECK, npm_config_prefix, NPM_CONFIG_USERCONFIG, npm_config_init_module, ProgramData, ProgramW6432, EFC_9192_1592913036, OLLAMA_MULTIUSER_CACHE, LESS, npm_package_json, LOCALAPPDATA, USERDOMAIN, LOGONSERVER, EFC_9192_3789132940, GIT_ALLOW_PROTOCOLS, OLLAMA_KEEP_ALIVE, OLLAMA_SCHED_SPREAD, EFC_9192_4126798990, EFC_9192_1262719628, OLLAMA_MAX_LOADED_MODELS, npm_execpath, CommonProgramFiles, npm_config_local_prefix, npm_config_globalconfig, OS, PROCESSOR_REVISION, CommonProgramW6432, EDITOR, SystemRoot, TEMP, USERPROFILE, TMP, POWERSHELL_TELEMETRY_OPTOUT, CommonProgramFiles(x86), GIT_SSH_COMMAND, HOME]
2026-06-23T08:08:43.741-0300 [DEBUG] [org.gradle.launcher.daemon.server.exec.LogToClient] About to start relaying all logs to the client via the connection.
2026-06-23T08:08:43.742-0300 [INFO] [org.gradle.launcher.daemon.server.exec.LogToClient] The client will now receive all logging from the daemon (pid: 27632). The daemon log file: C:\Users\Pc\Desktop\AndroidStudioProjects\OpusAgenda\.gradle-local\daemon\9.4.1\daemon-27632.out.log
2026-06-23T08:08:43.743-0300 [DEBUG] [org.gradle.launcher.daemon.server.exec.RequestStopIfSingleUsedDaemon] Requesting daemon stop after processing Build{id=ef77a785-8433-46ff-a081-d7344cdc0e58, currentDir=C:\Users\Pc\Desktop\AndroidStudioProjects\OpusAgenda}
2026-06-23T08:08:43.743-0300 [LIFECYCLE] [org.gradle.launcher.daemon.server.DaemonStateCoordinator] Daemon will be stopped at the end of the build 
2026-06-23T08:08:43.743-0300 [DEBUG] [org.gradle.launcher.daemon.server.DaemonStateCoordinator] Stop as soon as idle requested. The daemon is busy
2026-06-23T08:08:43.743-0300 [DEBUG] [org.gradle.launcher.daemon.server.DaemonStateCoordinator] daemon stop has been requested. Sleeping until state changes.
2026-06-23T08:08:43.747-0300 [DEBUG] [org.gradle.launcher.daemon.server.exec.ExecuteBuild] The daemon has started executing the build.
2026-06-23T08:08:43.747-0300 [DEBUG] [org.gradle.launcher.daemon.server.exec.ExecuteBuild] Executing build with daemon context: DefaultDaemonContext[uid=ab9b7cbd-566a-402b-aa2f-3b833968200a,javaHome=D:\Android Studio\jbr,javaVersion=21,javaVendor=JetBrains s.r.o.,daemonRegistryDir=C:\Users\Pc\Desktop\AndroidStudioProjects\OpusAgenda\.gradle-local\daemon,pid=27632,idleTimeout=120000,priority=NORMAL,applyInstrumentationAgent=true,nativeServicesMode=ENABLED,daemonOpts=-Xmx2048m,-Dfile.encoding=UTF-8,-Duser.country=AR,-Duser.language=es,-Duser.variant]

FAILURE: Build failed with an exception.

* What went wrong:
Gradle could not start your build.
> Cannot create service of type BuildSessionActionExecutor using method LauncherServices$ToolingBuildSessionScopeServices.createActionExecutor() as there is a problem with parameter #21 of type BuildLifecycleAwareVirtualFileSystem.
   > Cannot create service of type BuildLifecycleAwareVirtualFileSystem using method VirtualFileSystemServices$GradleUserHomeServices.createVirtualFileSystem() as there is a problem with parameter #1 of type FileWatchingFilter.
      > Cannot create service of type FileWatchingFilter using method VirtualFileSystemServices$GradleUserHomeServices.createFileWatchingFilter() as there is a problem with parameter #1 of type GlobalCacheLocations.
         > Cannot create service of type GlobalCacheLocations using method GradleUserHomeScopeServices.createGlobalCacheLocations() as there is a problem with parameter #1 of type List<GlobalCache>.
            > Could not create service of type FileAccessTimeJournal using GradleUserHomeScopeServices.createFileAccessTimeJournal().
               > java.io.FileNotFoundException: C:\Users\Pc\.gradle\caches\journal-1\journal-1.lock (Acceso denegado)

* Try:
> Run with --stacktrace option to get the stack trace.
> Run with --info or --debug option to get more log output.
> Run with --scan to get full insights from a Build Scan (powered by Develocity).
> Get more help at https://help.gradle.org.

BUILD FAILED in 3s
2026-06-23T08:08:43.992-0300 [DEBUG] [org.gradle.launcher.daemon.server.exec.ExecuteBuild] The daemon has finished executing the build.
2026-06-23T08:08:44.011-0300 [DEBUG] [org.gradle.launcher.daemon.server.DaemonStateCoordinator] daemon stop has been requested. Sleeping until state changes.
2026-06-23T08:08:44.011-0300 [DEBUG] [org.gradle.launcher.daemon.server.DaemonStateCoordinator] Command execution: finished waiting for DaemonCommandExecution[command = Build{id=ef77a785-8433-46ff-a081-d7344cdc0e58, currentDir=C:\Users\Pc\Desktop\AndroidStudioProjects\OpusAgenda}, connection = DefaultDaemonConnection: socket connection from /127.0.0.1:56972 to /127.0.0.1:56973]. Result org.gradle.launcher.daemon.server.DaemonStateCoordinator@11b8dda5 with state StopRequested
2026-06-23T08:08:44.011-0300 [DEBUG] [org.gradle.launcher.daemon.server.DaemonStateCoordinator] Command execution: completed DaemonCommandExecution[command = Build{id=ef77a785-8433-46ff-a081-d7344cdc0e58, currentDir=C:\Users\Pc\Desktop\AndroidStudioProjects\OpusAgenda}, connection = DefaultDaemonConnection: socket connection from /127.0.0.1:56972 to /127.0.0.1:56973]
2026-06-23T08:08:44.011-0300 [DEBUG] [org.gradle.launcher.daemon.server.DaemonStateCoordinator] resetting idle timer
2026-06-23T08:08:44.011-0300 [DEBUG] [org.gradle.launcher.daemon.server.DaemonStateCoordinator] Marking daemon stopped due to command completed and stop requested. The daemon is not running a build
2026-06-23T08:08:44.011-0300 [DEBUG] [org.gradle.launcher.daemon.server.DaemonStateCoordinator] daemon has stopped.
2026-06-23T08:08:44.012-0300 [DEBUG] [org.gradle.launcher.daemon.server.exec.ReturnResult] Daemon is dispatching the build result: Success[value=org.gradle.launcher.exec.BuildActionResult@2e169776]
2026-06-23T08:08:44.012-0300 [DEBUG] [org.gradle.launcher.daemon.server.SynchronizedDispatchConnection] thread 46: dispatching Success[value=org.gradle.launcher.exec.BuildActionResult@2e169776]
2026-06-23T08:08:44.012-0300 [DEBUG] [org.gradle.launcher.daemon.server.Daemon] stop() called on daemon
2026-06-23T08:08:44.012-0300 [INFO] [org.gradle.launcher.daemon.server.Daemon] Stop requested. Daemon is removing its presence from the registry...
2026-06-23T08:08:44.013-0300 [DEBUG] [org.gradle.launcher.daemon.server.DaemonRegistryUpdater] Removing our presence to clients, eg. removing this address from the registry: [80b903c8-4c53-4f60-9108-ea75efa1c39b port:56972, addresses:[localhost/127.0.0.1]]
2026-06-23T08:08:44.013-0300 [DEBUG] [org.gradle.launcher.daemon.registry.PersistentDaemonRegistry] Removing daemon address: [80b903c8-4c53-4f60-9108-ea75efa1c39b port:56972, addresses:[localhost/127.0.0.1]]
2026-06-23T08:08:44.014-0300 [DEBUG] [org.gradle.cache.internal.DefaultFileLockManager] Waiting to acquire exclusive lock on daemon addresses registry.
2026-06-23T08:08:44.015-0300 [DEBUG] [org.gradle.cache.internal.DefaultFileLockManager] Lock acquired on daemon addresses registry.
2026-06-23T08:08:44.017-0300 [DEBUG] [org.gradle.cache.internal.DefaultFileLockManager] Releasing lock on daemon addresses registry.
2026-06-23T08:08:44.017-0300 [DEBUG] [org.gradle.launcher.daemon.server.DaemonRegistryUpdater] Address removed from registry.
2026-06-23T08:08:44.034-0300 [DEBUG] [org.gradle.launcher.daemon.server.exec.CleanUpVirtualFileSystemAfterBuild] Cleaning virtual file system after build finished
2026-06-23T08:08:44.035-0300 [DEBUG] [org.gradle.launcher.daemon.server.DefaultIncomingConnectionHandler] Finishing executing command: Build{id=ef77a785-8433-46ff-a081-d7344cdc0e58, currentDir=C:\Users\Pc\Desktop\AndroidStudioProjects\OpusAgenda}
2026-06-23T08:08:44.035-0300 [DEBUG] [org.gradle.cache.internal.DefaultCacheCoordinator] Creating new cache for file-access, path C:\Users\Pc\Desktop\AndroidStudioProjects\OpusAgenda\.gradle-local\caches\journal-1\file-access.bin, access org.gradle.cache.internal.DefaultCacheCoordinator@55a2ade4
2026-06-23T08:08:44.036-0300 [DEBUG] [org.gradle.cache.internal.LockOnDemandCrossProcessCacheAccess] Acquiring file lock for journal cache (C:\Users\Pc\Desktop\AndroidStudioProjects\OpusAgenda\.gradle-local\caches\journal-1)
2026-06-23T08:08:44.059-0300 [DEBUG] [org.gradle.launcher.daemon.server.SynchronizedDispatchConnection] thread 47: received class org.gradle.launcher.daemon.protocol.CloseInput
2026-06-23T08:08:44.059-0300 [DEBUG] [org.gradle.launcher.daemon.server.DefaultDaemonConnection] thread 47: Received IO message from client: org.gradle.launcher.daemon.protocol.CloseInput@398eb4bf
2026-06-23T08:08:44.059-0300 [DEBUG] [org.gradle.launcher.daemon.server.SynchronizedDispatchConnection] thread 47: received class org.gradle.launcher.daemon.protocol.Finished
2026-06-23T08:08:44.059-0300 [DEBUG] [org.gradle.launcher.daemon.server.DefaultDaemonConnection] thread 47: Received non-IO message from client: org.gradle.launcher.daemon.protocol.Finished@370763d2
2026-06-23T08:08:44.059-0300 [DEBUG] [org.gradle.launcher.daemon.server.DefaultIncomingConnectionHandler] Received finished message: org.gradle.launcher.daemon.protocol.Finished@370763d2
2026-06-23T08:08:44.060-0300 [DEBUG] [org.gradle.launcher.daemon.server.SynchronizedDispatchConnection] thread 46: stopping connection
2026-06-23T08:08:44.061-0300 [DEBUG] [org.gradle.internal.remote.internal.inet.SocketConnection] Discarding EOFException: java.io.EOFException
2026-06-23T08:08:44.061-0300 [DEBUG] [org.gradle.launcher.daemon.server.SynchronizedDispatchConnection] thread 47: received null
2026-06-23T08:08:44.062-0300 [DEBUG] [org.gradle.launcher.daemon.server.DefaultDaemonConnection] thread 47: Received end-of-input from client.
2026-06-23T08:08:44.062-0300 [DEBUG] [org.gradle.launcher.daemon.server.SynchronizedDispatchConnection] thread 46: stopping connection
2026-06-23T08:08:44.063-0300 [DEBUG] [org.gradle.cache.internal.DefaultCacheCoordinator] Cache Generated Gradle JARs cache (C:\Users\Pc\Desktop\AndroidStudioProjects\OpusAgenda\.gradle-local\caches\9.4.1\generated-gradle-jars) was closed 0 times.
2026-06-23T08:08:44.068-0300 [DEBUG] [org.gradle.internal.operations.DefaultBuildOperationRunner] Build operation 'Deleting unused version-specific caches in C:\Users\Pc\Desktop\AndroidStudioProjects\OpusAgenda\.gradle-local\caches' started
2026-06-23T08:08:44.072-0300 [DEBUG] [org.gradle.internal.operations.DefaultBuildOperationRunner] Completing Build operation 'Deleting unused version-specific caches in C:\Users\Pc\Desktop\AndroidStudioProjects\OpusAgenda\.gradle-local\caches'
2026-06-23T08:08:44.072-0300 [DEBUG] [org.gradle.internal.operations.DefaultBuildOperationRunner] Build operation 'Deleting unused version-specific caches in C:\Users\Pc\Desktop\AndroidStudioProjects\OpusAgenda\.gradle-local\caches' completed
2026-06-23T08:08:44.072-0300 [DEBUG] [org.gradle.launcher.daemon.server.Daemon] stop() called on daemon
2026-06-23T08:08:44.072-0300 [INFO] [org.gradle.launcher.daemon.server.Daemon] Stop requested. Daemon is removing its presence from the registry...
2026-06-23T08:08:44.072-0300 [DEBUG] [org.gradle.launcher.daemon.server.DaemonRegistryUpdater] Removing our presence to clients, eg. removing this address from the registry: [80b903c8-4c53-4f60-9108-ea75efa1c39b port:56972, addresses:[localhost/127.0.0.1]]
2026-06-23T08:08:44.072-0300 [DEBUG] [org.gradle.launcher.daemon.registry.PersistentDaemonRegistry] Removing daemon address: [80b903c8-4c53-4f60-9108-ea75efa1c39b port:56972, addresses:[localhost/127.0.0.1]]
2026-06-23T08:08:44.074-0300 [DEBUG] [org.gradle.cache.internal.DefaultFileLockManager] Waiting to acquire exclusive lock on daemon addresses registry.
2026-06-23T08:08:44.074-0300 [DEBUG] [org.gradle.cache.internal.DefaultFileLockManager] Lock acquired on daemon addresses registry.
2026-06-23T08:08:44.075-0300 [DEBUG] [org.gradle.cache.internal.DefaultFileLockManager] Releasing lock on daemon addresses registry.
2026-06-23T08:08:44.076-0300 [DEBUG] [org.gradle.launcher.daemon.server.DaemonRegistryUpdater] Address removed from registry.
2026-06-23T08:08:44.077-0300 [DEBUG] [org.gradle.cache.internal.DefaultCacheCoordinator] Cache journal cache (C:\Users\Pc\Desktop\AndroidStudioProjects\OpusAgenda\.gradle-local\caches\journal-1) was closed 0 times.
2026-06-23T08:08:44.081-0300 [DEBUG] [java.lang.Runtime] Runtime.exit() called with status: 0
java.lang.Throwable: Runtime.exit(0)
	at java.base/java.lang.Shutdown.logRuntimeExit(Unknown Source)
	at java.base/java.lang.Shutdown.exit(Unknown Source)
	at java.base/java.lang.Runtime.exit(Unknown Source)
	at java.base/java.lang.System.exit(Unknown Source)
	at org.gradle.launcher.bootstrap.ProcessCompleter.complete(ProcessCompleter.java:21)
	at org.gradle.launcher.bootstrap.EntryPoint.run(EntryPoint.java:62)
	at java.base/jdk.internal.reflect.DirectMethodHandleAccessor.invoke(Unknown Source)
	at java.base/java.lang.reflect.Method.invoke(Unknown Source)
	at org.gradle.launcher.bootstrap.ProcessBootstrap.runNoExit(ProcessBootstrap.java:72)
	at org.gradle.launcher.bootstrap.ProcessBootstrap.run(ProcessBootstrap.java:39)
	at org.gradle.launcher.daemon.bootstrap.GradleDaemon.main(GradleDaemon.java:22)
Daemon vm is shutting down... The daemon has exited normally or was terminated in response to a user interrupt.
2026-06-23T08:08:44.083-0300 [DEBUG] [org.gradle.launcher.daemon.registry.PersistentDaemonRegistry] Removing daemon address: [80b903c8-4c53-4f60-9108-ea75efa1c39b port:56972, addresses:[localhost/127.0.0.1]]
2026-06-23T08:08:44.084-0300 [DEBUG] [org.gradle.launcher.daemon.server.Daemon] VM shutdown hook was unable to remove the daemon address from the registry. It will be cleaned up later.
java.lang.IllegalStateException: Cannot start managing file contention because this handler has been closed.
	at org.gradle.cache.internal.locklistener.DefaultFileLockContentionHandler.assertNotStopped(DefaultFileLockContentionHandler.java:267)
	at org.gradle.cache.internal.locklistener.DefaultFileLockContentionHandler.reservePort(DefaultFileLockContentionHandler.java:312)
	at org.gradle.cache.internal.DefaultFileLockManager.lock(DefaultFileLockManager.java:127)
	at org.gradle.cache.internal.DefaultFileLockManager.lock(DefaultFileLockManager.java:109)
	at org.gradle.cache.internal.DefaultFileLockManager.lock(DefaultFileLockManager.java:104)
	at org.gradle.cache.internal.OnDemandFileAccess.updateFile(OnDemandFileAccess.java:51)
	at org.gradle.cache.internal.FileBackedObjectHolder.update(FileBackedObjectHolder.java:77)
	at org.gradle.cache.internal.FileIntegrityViolationSuppressingObjectHolderDecorator.lambda$update$0(FileIntegrityViolationSuppressingObjectHolderDecorator.java:48)
	at org.gradle.cache.internal.FileIntegrityViolationSuppressingObjectHolderDecorator.doUpdate(FileIntegrityViolationSuppressingObjectHolderDecorator.java:58)
	at org.gradle.cache.internal.FileIntegrityViolationSuppressingObjectHolderDecorator.update(FileIntegrityViolationSuppressingObjectHolderDecorator.java:48)
	at org.gradle.launcher.daemon.registry.PersistentDaemonRegistry.remove(PersistentDaemonRegistry.java:133)
	at org.gradle.launcher.daemon.server.Daemon$1.run(Daemon.java:133)
	at java.base/java.lang.Thread.run(Unknown Source)
